// Vitest Snapshot v1, https://vitest.dev/guide/snapshot.html

exports[`the citation network is generated the same way every time 1`] = `1766`;

exports[`the citation network is generated the same way every time 2`] = `
[
  {
    "Cited paper": "BIO-001",
    "Citing paper": "LNG-002",
    "Same field": false,
    "Year gap": 0,
  },
  {
    "Cited paper": "BIO-001",
    "Citing paper": "THY-003",
    "Same field": false,
    "Year gap": 0,
  },
  {
    "Cited paper": "LNG-002",
    "Citing paper": "THY-003",
    "Same field": false,
    "Year gap": 0,
  },
  {
    "Cited paper": "THY-003",
    "Citing paper": "BIO-004",
    "Same field": false,
    "Year gap": 0,
  },
  {
    "Cited paper": "THY-003",
    "Citing paper": "VIS-005",
    "Same field": false,
    "Year gap": 0,
  },
]
`;

exports[`the social network is generated the same way every time 1`] = `18865`;

exports[`the social network is generated the same way every time 2`] = `
[
  {
    "Followed": "inland-dormouse-1",
    "Follower": "mossy-wren-2",
    "Interactions": 4,
  },
  {
    "Followed": "mossy-wren-2",
    "Follower": "kindly-kestrel-3",
    "Interactions": 5,
  },
  {
    "Followed": "inland-dormouse-1",
    "Follower": "tidal-ibis-4",
    "Interactions": 1,
  },
  {
    "Followed": "inland-dormouse-1",
    "Follower": "pale-heron-5",
    "Interactions": 6,
  },
  {
    "Followed": "mossy-wren-2",
    "Follower": "pale-heron-5",
    "Interactions": 3,
  },
]
`;
