// Vitest Snapshot v1, https://vitest.dev/guide/snapshot.html

exports[`sample graph: betweenness-color 1`] = `
{
  "edgeGroups": [],
  "groups": [],
  "links": [
    [
      "Alex Rivera",
      "Dana Whitfield",
      null,
      null,
      false,
    ],
    [
      "Alex Rivera",
      "Kenji Mori",
      null,
      null,
      false,
    ],
    [
      "Alex Rivera",
      "Marcus Bell",
      null,
      null,
      false,
    ],
    [
      "Alex Rivera",
      "Priya Sharma",
      null,
      null,
      false,
    ],
    [
      "Arjun Mehta",
      "Nina Kovács",
      null,
      null,
      false,
    ],
    [
      "Arjun Mehta",
      "Omar Haddad",
      null,
      null,
      false,
    ],
    [
      "Dana Whitfield",
      "Robert Hayes",
      null,
      null,
      false,
    ],
    [
      "Grace Okafor",
      "Carla Mendes",
      null,
      null,
      false,
    ],
    [
      "Grace Okafor",
      "Diego Santos",
      null,
      null,
      false,
    ],
    [
      "Grace Okafor",
      "Lena Fischer",
      null,
      null,
      false,
    ],
    [
      "Grace Okafor",
      "Mei Chen",
      null,
      null,
      false,
    ],
    [
      "Hannah Weiss",
      "Paulo Silva",
      null,
      null,
      false,
    ],
    [
      "Kenji Mori",
      "Arjun Mehta",
      null,
      null,
      false,
    ],
    [
      "Kenji Mori",
      "Hannah Weiss",
      null,
      null,
      false,
    ],
    [
      "Marcus Bell",
      "Josh Kim",
      null,
      null,
      false,
    ],
    [
      "Marcus Bell",
      "Rachel Adler",
      null,
      null,
      false,
    ],
    [
      "Marcus Bell",
      "Sofia Lindqvist",
      null,
      null,
      false,
    ],
    [
      "Priya Sharma",
      "Grace Okafor",
      null,
      null,
      false,
    ],
    [
      "Priya Sharma",
      "Tomás Ferreira",
      null,
      null,
      false,
    ],
    [
      "Priya Sharma",
      "Yuki Tanaka",
      null,
      null,
      false,
    ],
    [
      "Rachel Adler",
      "Mei Chen",
      null,
      null,
      false,
    ],
    [
      "Robert Hayes",
      "Daniel Osei",
      null,
      null,
      false,
    ],
    [
      "Robert Hayes",
      "Emily Stanton",
      null,
      null,
      false,
    ],
    [
      "Robert Hayes",
      "Lucas Meyer",
      null,
      null,
      false,
    ],
    [
      "Robert Hayes",
      "Zoe Park",
      null,
      null,
      false,
    ],
    [
      "Sofia Lindqvist",
      "Carla Mendes",
      null,
      null,
      false,
    ],
    [
      "Sofia Lindqvist",
      "Josh Kim",
      null,
      null,
      false,
    ],
    [
      "Sofia Lindqvist",
      "Nadia Rossi",
      null,
      null,
      false,
    ],
    [
      "Sofia Lindqvist",
      "Tom Nguyen",
      null,
      null,
      false,
    ],
    [
      "Tomás Ferreira",
      "Aisha Khan",
      null,
      null,
      false,
    ],
    [
      "Tomás Ferreira",
      "Ben Carter",
      null,
      null,
      false,
    ],
    [
      "Tomás Ferreira",
      "Viktor Petrov",
      null,
      null,
      false,
    ],
    [
      "Yuki Tanaka",
      "Ingrid Larsen",
      null,
      null,
      false,
    ],
    [
      "Yuki Tanaka",
      "Omar Haddad",
      null,
      null,
      false,
    ],
    [
      "Yuki Tanaka",
      "Sam Whitaker",
      null,
      null,
      false,
    ],
  ],
  "nodes": [
    [
      "Aisha Khan",
      null,
      0,
      1,
      0,
      12.102631,
    ],
    [
      "Alex Rivera",
      null,
      0.565233,
      0,
      4,
      19.705262,
    ],
    [
      "Arjun Mehta",
      null,
      0.09319,
      1,
      2,
      17.668143,
    ],
    [
      "Ben Carter",
      null,
      0,
      1,
      0,
      12.102631,
    ],
    [
      "Carla Mendes",
      null,
      0.05914,
      2,
      0,
      15.251744,
    ],
    [
      "Dana Whitfield",
      null,
      0.27957,
      1,
      1,
      15.251744,
    ],
    [
      "Daniel Osei",
      null,
      0,
      1,
      0,
      12.102631,
    ],
    [
      "Diego Santos",
      null,
      0,
      1,
      0,
      12.102631,
    ],
    [
      "Emily Stanton",
      null,
      0,
      1,
      0,
      12.102631,
    ],
    [
      "Grace Okafor",
      null,
      0.236559,
      1,
      4,
      21.5,
    ],
    [
      "Hannah Weiss",
      null,
      0.064516,
      1,
      1,
      15.251744,
    ],
    [
      "Ingrid Larsen",
      null,
      0,
      1,
      0,
      12.102631,
    ],
    [
      "Josh Kim",
      null,
      0,
      2,
      0,
      15.251744,
    ],
    [
      "Kenji Mori",
      null,
      0.216129,
      1,
      2,
      17.668143,
    ],
    [
      "Lena Fischer",
      null,
      0,
      1,
      0,
      12.102631,
    ],
    [
      "Lucas Meyer",
      null,
      0,
      1,
      0,
      12.102631,
    ],
    [
      "Marcus Bell",
      null,
      0.227957,
      1,
      3,
      19.705262,
    ],
    [
      "Mei Chen",
      null,
      0.018996,
      2,
      0,
      15.251744,
    ],
    [
      "Nadia Rossi",
      null,
      0,
      1,
      0,
      12.102631,
    ],
    [
      "Nina Kovács",
      null,
      0,
      1,
      0,
      12.102631,
    ],
    [
      "Omar Haddad",
      null,
      0.042652,
      2,
      0,
      15.251744,
    ],
    [
      "Paulo Silva",
      null,
      0,
      1,
      0,
      12.102631,
    ],
    [
      "Priya Sharma",
      null,
      0.491039,
      1,
      3,
      19.705262,
    ],
    [
      "Rachel Adler",
      null,
      0.021864,
      1,
      1,
      15.251744,
    ],
    [
      "Robert Hayes",
      null,
      0.245161,
      1,
      4,
      21.5,
    ],
    [
      "Sam Whitaker",
      null,
      0,
      1,
      0,
      12.102631,
    ],
    [
      "Sofia Lindqvist",
      null,
      0.153047,
      1,
      4,
      21.5,
    ],
    [
      "Tom Nguyen",
      null,
      0,
      1,
      0,
      12.102631,
    ],
    [
      "Tomás Ferreira",
      null,
      0.187097,
      1,
      3,
      19.705262,
    ],
    [
      "Viktor Petrov",
      null,
      0,
      1,
      0,
      12.102631,
    ],
    [
      "Yuki Tanaka",
      null,
      0.183871,
      1,
      3,
      19.705262,
    ],
    [
      "Zoe Park",
      null,
      0,
      1,
      0,
      12.102631,
    ],
  ],
  "ranking": {
    "max": 0.565233,
    "min": 0,
  },
  "skippedRows": 0,
}
`;

exports[`sample graph: default 1`] = `
{
  "edgeGroups": [],
  "groups": [],
  "links": [
    [
      "Alex Rivera",
      "Dana Whitfield",
      null,
      null,
      false,
    ],
    [
      "Alex Rivera",
      "Kenji Mori",
      null,
      null,
      false,
    ],
    [
      "Alex Rivera",
      "Marcus Bell",
      null,
      null,
      false,
    ],
    [
      "Alex Rivera",
      "Priya Sharma",
      null,
      null,
      false,
    ],
    [
      "Arjun Mehta",
      "Nina Kovács",
      null,
      null,
      false,
    ],
    [
      "Arjun Mehta",
      "Omar Haddad",
      null,
      null,
      false,
    ],
    [
      "Dana Whitfield",
      "Robert Hayes",
      null,
      null,
      false,
    ],
    [
      "Grace Okafor",
      "Carla Mendes",
      null,
      null,
      false,
    ],
    [
      "Grace Okafor",
      "Diego Santos",
      null,
      null,
      false,
    ],
    [
      "Grace Okafor",
      "Lena Fischer",
      null,
      null,
      false,
    ],
    [
      "Grace Okafor",
      "Mei Chen",
      null,
      null,
      false,
    ],
    [
      "Hannah Weiss",
      "Paulo Silva",
      null,
      null,
      false,
    ],
    [
      "Kenji Mori",
      "Arjun Mehta",
      null,
      null,
      false,
    ],
    [
      "Kenji Mori",
      "Hannah Weiss",
      null,
      null,
      false,
    ],
    [
      "Marcus Bell",
      "Josh Kim",
      null,
      null,
      false,
    ],
    [
      "Marcus Bell",
      "Rachel Adler",
      null,
      null,
      false,
    ],
    [
      "Marcus Bell",
      "Sofia Lindqvist",
      null,
      null,
      false,
    ],
    [
      "Priya Sharma",
      "Grace Okafor",
      null,
      null,
      false,
    ],
    [
      "Priya Sharma",
      "Tomás Ferreira",
      null,
      null,
      false,
    ],
    [
      "Priya Sharma",
      "Yuki Tanaka",
      null,
      null,
      false,
    ],
    [
      "Rachel Adler",
      "Mei Chen",
      null,
      null,
      false,
    ],
    [
      "Robert Hayes",
      "Daniel Osei",
      null,
      null,
      false,
    ],
    [
      "Robert Hayes",
      "Emily Stanton",
      null,
      null,
      false,
    ],
    [
      "Robert Hayes",
      "Lucas Meyer",
      null,
      null,
      false,
    ],
    [
      "Robert Hayes",
      "Zoe Park",
      null,
      null,
      false,
    ],
    [
      "Sofia Lindqvist",
      "Carla Mendes",
      null,
      null,
      false,
    ],
    [
      "Sofia Lindqvist",
      "Josh Kim",
      null,
      null,
      false,
    ],
    [
      "Sofia Lindqvist",
      "Nadia Rossi",
      null,
      null,
      false,
    ],
    [
      "Sofia Lindqvist",
      "Tom Nguyen",
      null,
      null,
      false,
    ],
    [
      "Tomás Ferreira",
      "Aisha Khan",
      null,
      null,
      false,
    ],
    [
      "Tomás Ferreira",
      "Ben Carter",
      null,
      null,
      false,
    ],
    [
      "Tomás Ferreira",
      "Viktor Petrov",
      null,
      null,
      false,
    ],
    [
      "Yuki Tanaka",
      "Ingrid Larsen",
      null,
      null,
      false,
    ],
    [
      "Yuki Tanaka",
      "Omar Haddad",
      null,
      null,
      false,
    ],
    [
      "Yuki Tanaka",
      "Sam Whitaker",
      null,
      null,
      false,
    ],
  ],
  "nodes": [
    [
      "Aisha Khan",
      null,
      null,
      1,
      0,
      12.102631,
    ],
    [
      "Alex Rivera",
      null,
      null,
      0,
      4,
      19.705262,
    ],
    [
      "Arjun Mehta",
      null,
      null,
      1,
      2,
      17.668143,
    ],
    [
      "Ben Carter",
      null,
      null,
      1,
      0,
      12.102631,
    ],
    [
      "Carla Mendes",
      null,
      null,
      2,
      0,
      15.251744,
    ],
    [
      "Dana Whitfield",
      null,
      null,
      1,
      1,
      15.251744,
    ],
    [
      "Daniel Osei",
      null,
      null,
      1,
      0,
      12.102631,
    ],
    [
      "Diego Santos",
      null,
      null,
      1,
      0,
      12.102631,
    ],
    [
      "Emily Stanton",
      null,
      null,
      1,
      0,
      12.102631,
    ],
    [
      "Grace Okafor",
      null,
      null,
      1,
      4,
      21.5,
    ],
    [
      "Hannah Weiss",
      null,
      null,
      1,
      1,
      15.251744,
    ],
    [
      "Ingrid Larsen",
      null,
      null,
      1,
      0,
      12.102631,
    ],
    [
      "Josh Kim",
      null,
      null,
      2,
      0,
      15.251744,
    ],
    [
      "Kenji Mori",
      null,
      null,
      1,
      2,
      17.668143,
    ],
    [
      "Lena Fischer",
      null,
      null,
      1,
      0,
      12.102631,
    ],
    [
      "Lucas Meyer",
      null,
      null,
      1,
      0,
      12.102631,
    ],
    [
      "Marcus Bell",
      null,
      null,
      1,
      3,
      19.705262,
    ],
    [
      "Mei Chen",
      null,
      null,
      2,
      0,
      15.251744,
    ],
    [
      "Nadia Rossi",
      null,
      null,
      1,
      0,
      12.102631,
    ],
    [
      "Nina Kovács",
      null,
      null,
      1,
      0,
      12.102631,
    ],
    [
      "Omar Haddad",
      null,
      null,
      2,
      0,
      15.251744,
    ],
    [
      "Paulo Silva",
      null,
      null,
      1,
      0,
      12.102631,
    ],
    [
      "Priya Sharma",
      null,
      null,
      1,
      3,
      19.705262,
    ],
    [
      "Rachel Adler",
      null,
      null,
      1,
      1,
      15.251744,
    ],
    [
      "Robert Hayes",
      null,
      null,
      1,
      4,
      21.5,
    ],
    [
      "Sam Whitaker",
      null,
      null,
      1,
      0,
      12.102631,
    ],
    [
      "Sofia Lindqvist",
      null,
      null,
      1,
      4,
      21.5,
    ],
    [
      "Tom Nguyen",
      null,
      null,
      1,
      0,
      12.102631,
    ],
    [
      "Tomás Ferreira",
      null,
      null,
      1,
      3,
      19.705262,
    ],
    [
      "Viktor Petrov",
      null,
      null,
      1,
      0,
      12.102631,
    ],
    [
      "Yuki Tanaka",
      null,
      null,
      1,
      3,
      19.705262,
    ],
    [
      "Zoe Park",
      null,
      null,
      1,
      0,
      12.102631,
    ],
  ],
  "ranking": null,
  "skippedRows": 0,
}
`;

exports[`sample graph: edge-styled 1`] = `
{
  "edgeGroups": [
    "Direct",
    "Dotted line",
  ],
  "groups": [],
  "links": [
    [
      "Alex Rivera",
      "Dana Whitfield",
      4,
      "Direct",
      false,
    ],
    [
      "Alex Rivera",
      "Kenji Mori",
      2,
      "Direct",
      false,
    ],
    [
      "Alex Rivera",
      "Marcus Bell",
      4,
      "Direct",
      false,
    ],
    [
      "Alex Rivera",
      "Priya Sharma",
      4,
      "Direct",
      false,
    ],
    [
      "Arjun Mehta",
      "Nina Kovács",
      4,
      "Direct",
      false,
    ],
    [
      "Arjun Mehta",
      "Omar Haddad",
      1,
      "Dotted line",
      false,
    ],
    [
      "Dana Whitfield",
      "Robert Hayes",
      4,
      "Direct",
      false,
    ],
    [
      "Grace Okafor",
      "Carla Mendes",
      1,
      "Dotted line",
      false,
    ],
    [
      "Grace Okafor",
      "Diego Santos",
      4,
      "Direct",
      false,
    ],
    [
      "Grace Okafor",
      "Lena Fischer",
      4,
      "Direct",
      false,
    ],
    [
      "Grace Okafor",
      "Mei Chen",
      4,
      "Direct",
      false,
    ],
    [
      "Hannah Weiss",
      "Paulo Silva",
      2,
      "Direct",
      false,
    ],
    [
      "Kenji Mori",
      "Arjun Mehta",
      4,
      "Direct",
      false,
    ],
    [
      "Kenji Mori",
      "Hannah Weiss",
      4,
      "Direct",
      false,
    ],
    [
      "Marcus Bell",
      "Josh Kim",
      4,
      "Direct",
      false,
    ],
    [
      "Marcus Bell",
      "Rachel Adler",
      4,
      "Direct",
      false,
    ],
    [
      "Marcus Bell",
      "Sofia Lindqvist",
      4,
      "Direct",
      false,
    ],
    [
      "Priya Sharma",
      "Grace Okafor",
      4,
      "Direct",
      false,
    ],
    [
      "Priya Sharma",
      "Tomás Ferreira",
      4,
      "Direct",
      false,
    ],
    [
      "Priya Sharma",
      "Yuki Tanaka",
      4,
      "Direct",
      false,
    ],
    [
      "Rachel Adler",
      "Mei Chen",
      1,
      "Dotted line",
      false,
    ],
    [
      "Robert Hayes",
      "Daniel Osei",
      2,
      "Direct",
      false,
    ],
    [
      "Robert Hayes",
      "Emily Stanton",
      4,
      "Direct",
      false,
    ],
    [
      "Robert Hayes",
      "Lucas Meyer",
      4,
      "Direct",
      false,
    ],
    [
      "Robert Hayes",
      "Zoe Park",
      2,
      "Direct",
      false,
    ],
    [
      "Sofia Lindqvist",
      "Carla Mendes",
      4,
      "Direct",
      false,
    ],
    [
      "Sofia Lindqvist",
      "Josh Kim",
      1,
      "Dotted line",
      false,
    ],
    [
      "Sofia Lindqvist",
      "Nadia Rossi",
      4,
      "Direct",
      false,
    ],
    [
      "Sofia Lindqvist",
      "Tom Nguyen",
      2,
      "Direct",
      false,
    ],
    [
      "Tomás Ferreira",
      "Aisha Khan",
      4,
      "Direct",
      false,
    ],
    [
      "Tomás Ferreira",
      "Ben Carter",
      4,
      "Direct",
      false,
    ],
    [
      "Tomás Ferreira",
      "Viktor Petrov",
      2,
      "Direct",
      false,
    ],
    [
      "Yuki Tanaka",
      "Ingrid Larsen",
      2,
      "Direct",
      false,
    ],
    [
      "Yuki Tanaka",
      "Omar Haddad",
      4,
      "Direct",
      false,
    ],
    [
      "Yuki Tanaka",
      "Sam Whitaker",
      4,
      "Direct",
      false,
    ],
  ],
  "nodes": [
    [
      "Aisha Khan",
      null,
      null,
      1,
      0,
      12.102631,
    ],
    [
      "Alex Rivera",
      null,
      null,
      0,
      4,
      19.705262,
    ],
    [
      "Arjun Mehta",
      null,
      null,
      1,
      2,
      17.668143,
    ],
    [
      "Ben Carter",
      null,
      null,
      1,
      0,
      12.102631,
    ],
    [
      "Carla Mendes",
      null,
      null,
      2,
      0,
      15.251744,
    ],
    [
      "Dana Whitfield",
      null,
      null,
      1,
      1,
      15.251744,
    ],
    [
      "Daniel Osei",
      null,
      null,
      1,
      0,
      12.102631,
    ],
    [
      "Diego Santos",
      null,
      null,
      1,
      0,
      12.102631,
    ],
    [
      "Emily Stanton",
      null,
      null,
      1,
      0,
      12.102631,
    ],
    [
      "Grace Okafor",
      null,
      null,
      1,
      4,
      21.5,
    ],
    [
      "Hannah Weiss",
      null,
      null,
      1,
      1,
      15.251744,
    ],
    [
      "Ingrid Larsen",
      null,
      null,
      1,
      0,
      12.102631,
    ],
    [
      "Josh Kim",
      null,
      null,
      2,
      0,
      15.251744,
    ],
    [
      "Kenji Mori",
      null,
      null,
      1,
      2,
      17.668143,
    ],
    [
      "Lena Fischer",
      null,
      null,
      1,
      0,
      12.102631,
    ],
    [
      "Lucas Meyer",
      null,
      null,
      1,
      0,
      12.102631,
    ],
    [
      "Marcus Bell",
      null,
      null,
      1,
      3,
      19.705262,
    ],
    [
      "Mei Chen",
      null,
      null,
      2,
      0,
      15.251744,
    ],
    [
      "Nadia Rossi",
      null,
      null,
      1,
      0,
      12.102631,
    ],
    [
      "Nina Kovács",
      null,
      null,
      1,
      0,
      12.102631,
    ],
    [
      "Omar Haddad",
      null,
      null,
      2,
      0,
      15.251744,
    ],
    [
      "Paulo Silva",
      null,
      null,
      1,
      0,
      12.102631,
    ],
    [
      "Priya Sharma",
      null,
      null,
      1,
      3,
      19.705262,
    ],
    [
      "Rachel Adler",
      null,
      null,
      1,
      1,
      15.251744,
    ],
    [
      "Robert Hayes",
      null,
      null,
      1,
      4,
      21.5,
    ],
    [
      "Sam Whitaker",
      null,
      null,
      1,
      0,
      12.102631,
    ],
    [
      "Sofia Lindqvist",
      null,
      null,
      1,
      4,
      21.5,
    ],
    [
      "Tom Nguyen",
      null,
      null,
      1,
      0,
      12.102631,
    ],
    [
      "Tomás Ferreira",
      null,
      null,
      1,
      3,
      19.705262,
    ],
    [
      "Viktor Petrov",
      null,
      null,
      1,
      0,
      12.102631,
    ],
    [
      "Yuki Tanaka",
      null,
      null,
      1,
      3,
      19.705262,
    ],
    [
      "Zoe Park",
      null,
      null,
      1,
      0,
      12.102631,
    ],
  ],
  "ranking": null,
  "skippedRows": 0,
}
`;

exports[`sample graph: eigenvector-size 1`] = `
{
  "edgeGroups": [],
  "groups": [],
  "links": [
    [
      "Alex Rivera",
      "Dana Whitfield",
      null,
      null,
      false,
    ],
    [
      "Alex Rivera",
      "Kenji Mori",
      null,
      null,
      false,
    ],
    [
      "Alex Rivera",
      "Marcus Bell",
      null,
      null,
      false,
    ],
    [
      "Alex Rivera",
      "Priya Sharma",
      null,
      null,
      false,
    ],
    [
      "Arjun Mehta",
      "Nina Kovács",
      null,
      null,
      false,
    ],
    [
      "Arjun Mehta",
      "Omar Haddad",
      null,
      null,
      false,
    ],
    [
      "Dana Whitfield",
      "Robert Hayes",
      null,
      null,
      false,
    ],
    [
      "Grace Okafor",
      "Carla Mendes",
      null,
      null,
      false,
    ],
    [
      "Grace Okafor",
      "Diego Santos",
      null,
      null,
      false,
    ],
    [
      "Grace Okafor",
      "Lena Fischer",
      null,
      null,
      false,
    ],
    [
      "Grace Okafor",
      "Mei Chen",
      null,
      null,
      false,
    ],
    [
      "Hannah Weiss",
      "Paulo Silva",
      null,
      null,
      false,
    ],
    [
      "Kenji Mori",
      "Arjun Mehta",
      null,
      null,
      false,
    ],
    [
      "Kenji Mori",
      "Hannah Weiss",
      null,
      null,
      false,
    ],
    [
      "Marcus Bell",
      "Josh Kim",
      null,
      null,
      false,
    ],
    [
      "Marcus Bell",
      "Rachel Adler",
      null,
      null,
      false,
    ],
    [
      "Marcus Bell",
      "Sofia Lindqvist",
      null,
      null,
      false,
    ],
    [
      "Priya Sharma",
      "Grace Okafor",
      null,
      null,
      false,
    ],
    [
      "Priya Sharma",
      "Tomás Ferreira",
      null,
      null,
      false,
    ],
    [
      "Priya Sharma",
      "Yuki Tanaka",
      null,
      null,
      false,
    ],
    [
      "Rachel Adler",
      "Mei Chen",
      null,
      null,
      false,
    ],
    [
      "Robert Hayes",
      "Daniel Osei",
      null,
      null,
      false,
    ],
    [
      "Robert Hayes",
      "Emily Stanton",
      null,
      null,
      false,
    ],
    [
      "Robert Hayes",
      "Lucas Meyer",
      null,
      null,
      false,
    ],
    [
      "Robert Hayes",
      "Zoe Park",
      null,
      null,
      false,
    ],
    [
      "Sofia Lindqvist",
      "Carla Mendes",
      null,
      null,
      false,
    ],
    [
      "Sofia Lindqvist",
      "Josh Kim",
      null,
      null,
      false,
    ],
    [
      "Sofia Lindqvist",
      "Nadia Rossi",
      null,
      null,
      false,
    ],
    [
      "Sofia Lindqvist",
      "Tom Nguyen",
      null,
      null,
      false,
    ],
    [
      "Tomás Ferreira",
      "Aisha Khan",
      null,
      null,
      false,
    ],
    [
      "Tomás Ferreira",
      "Ben Carter",
      null,
      null,
      false,
    ],
    [
      "Tomás Ferreira",
      "Viktor Petrov",
      null,
      null,
      false,
    ],
    [
      "Yuki Tanaka",
      "Ingrid Larsen",
      null,
      null,
      false,
    ],
    [
      "Yuki Tanaka",
      "Omar Haddad",
      null,
      null,
      false,
    ],
    [
      "Yuki Tanaka",
      "Sam Whitaker",
      null,
      null,
      false,
    ],
  ],
  "nodes": [
    [
      "Aisha Khan",
      null,
      null,
      1,
      0,
      11.029677,
    ],
    [
      "Alex Rivera",
      null,
      null,
      0,
      4,
      20.5981,
    ],
    [
      "Arjun Mehta",
      null,
      null,
      1,
      2,
      13.128891,
    ],
    [
      "Ben Carter",
      null,
      null,
      1,
      0,
      11.029677,
    ],
    [
      "Carla Mendes",
      null,
      null,
      2,
      0,
      17.616774,
    ],
    [
      "Dana Whitfield",
      null,
      null,
      1,
      1,
      14.92273,
    ],
    [
      "Daniel Osei",
      null,
      null,
      1,
      0,
      9.166196,
    ],
    [
      "Diego Santos",
      null,
      null,
      1,
      0,
      13.391024,
    ],
    [
      "Emily Stanton",
      null,
      null,
      1,
      0,
      9.166196,
    ],
    [
      "Grace Okafor",
      null,
      null,
      1,
      4,
      19.852974,
    ],
    [
      "Hannah Weiss",
      null,
      null,
      1,
      1,
      11.406606,
    ],
    [
      "Ingrid Larsen",
      null,
      null,
      1,
      0,
      11.341748,
    ],
    [
      "Josh Kim",
      null,
      null,
      2,
      0,
      18.250341,
    ],
    [
      "Kenji Mori",
      null,
      null,
      1,
      2,
      15.807227,
    ],
    [
      "Lena Fischer",
      null,
      null,
      1,
      0,
      13.391024,
    ],
    [
      "Lucas Meyer",
      null,
      null,
      1,
      0,
      9.166196,
    ],
    [
      "Marcus Bell",
      null,
      null,
      1,
      3,
      21.5,
    ],
    [
      "Mei Chen",
      null,
      null,
      2,
      0,
      15.685424,
    ],
    [
      "Nadia Rossi",
      null,
      null,
      1,
      0,
      14.143623,
    ],
    [
      "Nina Kovács",
      null,
      null,
      1,
      0,
      9.499048,
    ],
    [
      "Omar Haddad",
      null,
      null,
      2,
      0,
      12.973487,
    ],
    [
      "Paulo Silva",
      null,
      null,
      1,
      0,
      8.500374,
    ],
    [
      "Priya Sharma",
      null,
      null,
      1,
      3,
      20.479875,
    ],
    [
      "Rachel Adler",
      null,
      null,
      1,
      1,
      16.229429,
    ],
    [
      "Robert Hayes",
      null,
      null,
      1,
      4,
      12.555354,
    ],
    [
      "Sam Whitaker",
      null,
      null,
      1,
      0,
      11.341748,
    ],
    [
      "Sofia Lindqvist",
      null,
      null,
      1,
      4,
      21.177917,
    ],
    [
      "Tom Nguyen",
      null,
      null,
      1,
      0,
      14.143623,
    ],
    [
      "Tomás Ferreira",
      null,
      null,
      1,
      3,
      15.77011,
    ],
    [
      "Viktor Petrov",
      null,
      null,
      1,
      0,
      11.029677,
    ],
    [
      "Yuki Tanaka",
      null,
      null,
      1,
      3,
      16.30835,
    ],
    [
      "Zoe Park",
      null,
      null,
      1,
      0,
      9.166196,
    ],
  ],
  "ranking": null,
  "skippedRows": 0,
}
`;

exports[`sample graph: guessed 1`] = `
{
  "edgeGroups": [],
  "groups": [
    "Engineering",
    "Sales",
    "Operations",
    "Design",
    "Product",
  ],
  "links": [
    [
      "Alex Rivera",
      "Dana Whitfield",
      null,
      null,
      false,
    ],
    [
      "Alex Rivera",
      "Kenji Mori",
      null,
      null,
      false,
    ],
    [
      "Alex Rivera",
      "Marcus Bell",
      null,
      null,
      false,
    ],
    [
      "Alex Rivera",
      "Priya Sharma",
      null,
      null,
      false,
    ],
    [
      "Arjun Mehta",
      "Nina Kovács",
      null,
      null,
      false,
    ],
    [
      "Arjun Mehta",
      "Omar Haddad",
      null,
      null,
      false,
    ],
    [
      "Dana Whitfield",
      "Robert Hayes",
      null,
      null,
      false,
    ],
    [
      "Grace Okafor",
      "Carla Mendes",
      null,
      null,
      false,
    ],
    [
      "Grace Okafor",
      "Diego Santos",
      null,
      null,
      false,
    ],
    [
      "Grace Okafor",
      "Lena Fischer",
      null,
      null,
      false,
    ],
    [
      "Grace Okafor",
      "Mei Chen",
      null,
      null,
      false,
    ],
    [
      "Hannah Weiss",
      "Paulo Silva",
      null,
      null,
      false,
    ],
    [
      "Kenji Mori",
      "Arjun Mehta",
      null,
      null,
      false,
    ],
    [
      "Kenji Mori",
      "Hannah Weiss",
      null,
      null,
      false,
    ],
    [
      "Marcus Bell",
      "Josh Kim",
      null,
      null,
      false,
    ],
    [
      "Marcus Bell",
      "Rachel Adler",
      null,
      null,
      false,
    ],
    [
      "Marcus Bell",
      "Sofia Lindqvist",
      null,
      null,
      false,
    ],
    [
      "Priya Sharma",
      "Grace Okafor",
      null,
      null,
      false,
    ],
    [
      "Priya Sharma",
      "Tomás Ferreira",
      null,
      null,
      false,
    ],
    [
      "Priya Sharma",
      "Yuki Tanaka",
      null,
      null,
      false,
    ],
    [
      "Rachel Adler",
      "Mei Chen",
      null,
      null,
      false,
    ],
    [
      "Robert Hayes",
      "Daniel Osei",
      null,
      null,
      false,
    ],
    [
      "Robert Hayes",
      "Emily Stanton",
      null,
      null,
      false,
    ],
    [
      "Robert Hayes",
      "Lucas Meyer",
      null,
      null,
      false,
    ],
    [
      "Robert Hayes",
      "Zoe Park",
      null,
      null,
      false,
    ],
    [
      "Sofia Lindqvist",
      "Carla Mendes",
      null,
      null,
      false,
    ],
    [
      "Sofia Lindqvist",
      "Josh Kim",
      null,
      null,
      false,
    ],
    [
      "Sofia Lindqvist",
      "Nadia Rossi",
      null,
      null,
      false,
    ],
    [
      "Sofia Lindqvist",
      "Tom Nguyen",
      null,
      null,
      false,
    ],
    [
      "Tomás Ferreira",
      "Aisha Khan",
      null,
      null,
      false,
    ],
    [
      "Tomás Ferreira",
      "Ben Carter",
      null,
      null,
      false,
    ],
    [
      "Tomás Ferreira",
      "Viktor Petrov",
      null,
      null,
      false,
    ],
    [
      "Yuki Tanaka",
      "Ingrid Larsen",
      null,
      null,
      false,
    ],
    [
      "Yuki Tanaka",
      "Omar Haddad",
      null,
      null,
      false,
    ],
    [
      "Yuki Tanaka",
      "Sam Whitaker",
      null,
      null,
      false,
    ],
  ],
  "nodes": [
    [
      "Aisha Khan",
      "Engineering",
      null,
      1,
      0,
      12.102631,
    ],
    [
      "Alex Rivera",
      null,
      null,
      0,
      4,
      19.705262,
    ],
    [
      "Arjun Mehta",
      "Operations",
      null,
      1,
      2,
      17.668143,
    ],
    [
      "Ben Carter",
      "Engineering",
      null,
      1,
      0,
      12.102631,
    ],
    [
      "Carla Mendes",
      "Design",
      null,
      2,
      0,
      15.251744,
    ],
    [
      "Dana Whitfield",
      "Sales",
      null,
      1,
      1,
      15.251744,
    ],
    [
      "Daniel Osei",
      "Sales",
      null,
      1,
      0,
      12.102631,
    ],
    [
      "Diego Santos",
      "Engineering",
      null,
      1,
      0,
      12.102631,
    ],
    [
      "Emily Stanton",
      "Sales",
      null,
      1,
      0,
      12.102631,
    ],
    [
      "Grace Okafor",
      "Engineering",
      null,
      1,
      4,
      21.5,
    ],
    [
      "Hannah Weiss",
      "Operations",
      null,
      1,
      1,
      15.251744,
    ],
    [
      "Ingrid Larsen",
      "Engineering",
      null,
      1,
      0,
      12.102631,
    ],
    [
      "Josh Kim",
      "Product",
      null,
      2,
      0,
      15.251744,
    ],
    [
      "Kenji Mori",
      "Operations",
      null,
      1,
      2,
      17.668143,
    ],
    [
      "Lena Fischer",
      "Engineering",
      null,
      1,
      0,
      12.102631,
    ],
    [
      "Lucas Meyer",
      "Sales",
      null,
      1,
      0,
      12.102631,
    ],
    [
      "Marcus Bell",
      "Product",
      null,
      1,
      3,
      19.705262,
    ],
    [
      "Mei Chen",
      "Engineering",
      null,
      2,
      0,
      15.251744,
    ],
    [
      "Nadia Rossi",
      "Design",
      null,
      1,
      0,
      12.102631,
    ],
    [
      "Nina Kovács",
      "Operations",
      null,
      1,
      0,
      12.102631,
    ],
    [
      "Omar Haddad",
      "Engineering",
      null,
      2,
      0,
      15.251744,
    ],
    [
      "Paulo Silva",
      "Operations",
      null,
      1,
      0,
      12.102631,
    ],
    [
      "Priya Sharma",
      "Engineering",
      null,
      1,
      3,
      19.705262,
    ],
    [
      "Rachel Adler",
      "Product",
      null,
      1,
      1,
      15.251744,
    ],
    [
      "Robert Hayes",
      "Sales",
      null,
      1,
      4,
      21.5,
    ],
    [
      "Sam Whitaker",
      "Engineering",
      null,
      1,
      0,
      12.102631,
    ],
    [
      "Sofia Lindqvist",
      "Design",
      null,
      1,
      4,
      21.5,
    ],
    [
      "Tom Nguyen",
      "Design",
      null,
      1,
      0,
      12.102631,
    ],
    [
      "Tomás Ferreira",
      "Engineering",
      null,
      1,
      3,
      19.705262,
    ],
    [
      "Viktor Petrov",
      "Engineering",
      null,
      1,
      0,
      12.102631,
    ],
    [
      "Yuki Tanaka",
      "Engineering",
      null,
      1,
      3,
      19.705262,
    ],
    [
      "Zoe Park",
      "Sales",
      null,
      1,
      0,
      12.102631,
    ],
  ],
  "ranking": null,
  "skippedRows": 0,
}
`;

exports[`sample graph: numeric-color 1`] = `
{
  "edgeGroups": [],
  "groups": [],
  "links": [
    [
      "Alex Rivera",
      "Dana Whitfield",
      null,
      null,
      false,
    ],
    [
      "Alex Rivera",
      "Kenji Mori",
      null,
      null,
      false,
    ],
    [
      "Alex Rivera",
      "Marcus Bell",
      null,
      null,
      false,
    ],
    [
      "Alex Rivera",
      "Priya Sharma",
      null,
      null,
      false,
    ],
    [
      "Arjun Mehta",
      "Nina Kovács",
      null,
      null,
      false,
    ],
    [
      "Arjun Mehta",
      "Omar Haddad",
      null,
      null,
      false,
    ],
    [
      "Dana Whitfield",
      "Robert Hayes",
      null,
      null,
      false,
    ],
    [
      "Grace Okafor",
      "Carla Mendes",
      null,
      null,
      false,
    ],
    [
      "Grace Okafor",
      "Diego Santos",
      null,
      null,
      false,
    ],
    [
      "Grace Okafor",
      "Lena Fischer",
      null,
      null,
      false,
    ],
    [
      "Grace Okafor",
      "Mei Chen",
      null,
      null,
      false,
    ],
    [
      "Hannah Weiss",
      "Paulo Silva",
      null,
      null,
      false,
    ],
    [
      "Kenji Mori",
      "Arjun Mehta",
      null,
      null,
      false,
    ],
    [
      "Kenji Mori",
      "Hannah Weiss",
      null,
      null,
      false,
    ],
    [
      "Marcus Bell",
      "Josh Kim",
      null,
      null,
      false,
    ],
    [
      "Marcus Bell",
      "Rachel Adler",
      null,
      null,
      false,
    ],
    [
      "Marcus Bell",
      "Sofia Lindqvist",
      null,
      null,
      false,
    ],
    [
      "Priya Sharma",
      "Grace Okafor",
      null,
      null,
      false,
    ],
    [
      "Priya Sharma",
      "Tomás Ferreira",
      null,
      null,
      false,
    ],
    [
      "Priya Sharma",
      "Yuki Tanaka",
      null,
      null,
      false,
    ],
    [
      "Rachel Adler",
      "Mei Chen",
      null,
      null,
      false,
    ],
    [
      "Robert Hayes",
      "Daniel Osei",
      null,
      null,
      false,
    ],
    [
      "Robert Hayes",
      "Emily Stanton",
      null,
      null,
      false,
    ],
    [
      "Robert Hayes",
      "Lucas Meyer",
      null,
      null,
      false,
    ],
    [
      "Robert Hayes",
      "Zoe Park",
      null,
      null,
      false,
    ],
    [
      "Sofia Lindqvist",
      "Carla Mendes",
      null,
      null,
      false,
    ],
    [
      "Sofia Lindqvist",
      "Josh Kim",
      null,
      null,
      false,
    ],
    [
      "Sofia Lindqvist",
      "Nadia Rossi",
      null,
      null,
      false,
    ],
    [
      "Sofia Lindqvist",
      "Tom Nguyen",
      null,
      null,
      false,
    ],
    [
      "Tomás Ferreira",
      "Aisha Khan",
      null,
      null,
      false,
    ],
    [
      "Tomás Ferreira",
      "Ben Carter",
      null,
      null,
      false,
    ],
    [
      "Tomás Ferreira",
      "Viktor Petrov",
      null,
      null,
      false,
    ],
    [
      "Yuki Tanaka",
      "Ingrid Larsen",
      null,
      null,
      false,
    ],
    [
      "Yuki Tanaka",
      "Omar Haddad",
      null,
      null,
      false,
    ],
    [
      "Yuki Tanaka",
      "Sam Whitaker",
      null,
      null,
      false,
    ],
  ],
  "nodes": [
    [
      "Aisha Khan",
      null,
      4,
      1,
      0,
      12.102631,
    ],
    [
      "Alex Rivera",
      null,
      14,
      0,
      4,
      19.705262,
    ],
    [
      "Arjun Mehta",
      null,
      9,
      1,
      2,
      17.668143,
    ],
    [
      "Ben Carter",
      null,
      4,
      1,
      0,
      12.102631,
    ],
    [
      "Carla Mendes",
      null,
      5,
      2,
      0,
      15.251744,
    ],
    [
      "Dana Whitfield",
      null,
      8,
      1,
      1,
      15.251744,
    ],
    [
      "Daniel Osei",
      null,
      2,
      1,
      0,
      12.102631,
    ],
    [
      "Diego Santos",
      null,
      4,
      1,
      0,
      12.102631,
    ],
    [
      "Emily Stanton",
      null,
      4,
      1,
      0,
      12.102631,
    ],
    [
      "Grace Okafor",
      null,
      17,
      1,
      4,
      21.5,
    ],
    [
      "Hannah Weiss",
      null,
      6,
      1,
      1,
      15.251744,
    ],
    [
      "Ingrid Larsen",
      null,
      2,
      1,
      0,
      12.102631,
    ],
    [
      "Josh Kim",
      null,
      5,
      2,
      0,
      15.251744,
    ],
    [
      "Kenji Mori",
      null,
      10,
      1,
      2,
      17.668143,
    ],
    [
      "Lena Fischer",
      null,
      4,
      1,
      0,
      12.102631,
    ],
    [
      "Lucas Meyer",
      null,
      4,
      1,
      0,
      12.102631,
    ],
    [
      "Marcus Bell",
      null,
      16,
      1,
      3,
      19.705262,
    ],
    [
      "Mei Chen",
      null,
      5,
      2,
      0,
      15.251744,
    ],
    [
      "Nadia Rossi",
      null,
      4,
      1,
      0,
      12.102631,
    ],
    [
      "Nina Kovács",
      null,
      4,
      1,
      0,
      12.102631,
    ],
    [
      "Omar Haddad",
      null,
      5,
      2,
      0,
      15.251744,
    ],
    [
      "Paulo Silva",
      null,
      2,
      1,
      0,
      12.102631,
    ],
    [
      "Priya Sharma",
      null,
      16,
      1,
      3,
      19.705262,
    ],
    [
      "Rachel Adler",
      null,
      5,
      1,
      1,
      15.251744,
    ],
    [
      "Robert Hayes",
      null,
      16,
      1,
      4,
      21.5,
    ],
    [
      "Sam Whitaker",
      null,
      4,
      1,
      0,
      12.102631,
    ],
    [
      "Sofia Lindqvist",
      null,
      15,
      1,
      4,
      21.5,
    ],
    [
      "Tom Nguyen",
      null,
      2,
      1,
      0,
      12.102631,
    ],
    [
      "Tomás Ferreira",
      null,
      14,
      1,
      3,
      19.705262,
    ],
    [
      "Viktor Petrov",
      null,
      2,
      1,
      0,
      12.102631,
    ],
    [
      "Yuki Tanaka",
      null,
      14,
      1,
      3,
      19.705262,
    ],
    [
      "Zoe Park",
      null,
      2,
      1,
      0,
      12.102631,
    ],
  ],
  "ranking": {
    "max": 17,
    "min": 2,
  },
  "skippedRows": 0,
}
`;

exports[`sample graph: range-filtered 1`] = `
{
  "edgeGroups": [],
  "groups": [
    "Engineering",
    "Sales",
    "Operations",
    "Design",
    "Product",
  ],
  "links": [
    [
      "Alex Rivera",
      "Dana Whitfield",
      null,
      null,
      false,
    ],
    [
      "Alex Rivera",
      "Kenji Mori",
      null,
      null,
      false,
    ],
    [
      "Alex Rivera",
      "Marcus Bell",
      null,
      null,
      false,
    ],
    [
      "Alex Rivera",
      "Priya Sharma",
      null,
      null,
      false,
    ],
    [
      "Arjun Mehta",
      "Nina Kovács",
      null,
      null,
      false,
    ],
    [
      "Dana Whitfield",
      "Robert Hayes",
      null,
      null,
      false,
    ],
    [
      "Grace Okafor",
      "Diego Santos",
      null,
      null,
      false,
    ],
    [
      "Grace Okafor",
      "Lena Fischer",
      null,
      null,
      false,
    ],
    [
      "Grace Okafor",
      "Mei Chen",
      null,
      null,
      false,
    ],
    [
      "Hannah Weiss",
      "Paulo Silva",
      null,
      null,
      false,
    ],
    [
      "Kenji Mori",
      "Arjun Mehta",
      null,
      null,
      false,
    ],
    [
      "Kenji Mori",
      "Hannah Weiss",
      null,
      null,
      false,
    ],
    [
      "Marcus Bell",
      "Josh Kim",
      null,
      null,
      false,
    ],
    [
      "Marcus Bell",
      "Rachel Adler",
      null,
      null,
      false,
    ],
    [
      "Marcus Bell",
      "Sofia Lindqvist",
      null,
      null,
      false,
    ],
    [
      "Priya Sharma",
      "Grace Okafor",
      null,
      null,
      false,
    ],
    [
      "Priya Sharma",
      "Tomás Ferreira",
      null,
      null,
      false,
    ],
    [
      "Priya Sharma",
      "Yuki Tanaka",
      null,
      null,
      false,
    ],
    [
      "Robert Hayes",
      "Daniel Osei",
      null,
      null,
      false,
    ],
    [
      "Robert Hayes",
      "Emily Stanton",
      null,
      null,
      false,
    ],
    [
      "Robert Hayes",
      "Lucas Meyer",
      null,
      null,
      false,
    ],
    [
      "Robert Hayes",
      "Zoe Park",
      null,
      null,
      false,
    ],
    [
      "Sofia Lindqvist",
      "Carla Mendes",
      null,
      null,
      false,
    ],
    [
      "Sofia Lindqvist",
      "Nadia Rossi",
      null,
      null,
      false,
    ],
    [
      "Sofia Lindqvist",
      "Tom Nguyen",
      null,
      null,
      false,
    ],
    [
      "Tomás Ferreira",
      "Aisha Khan",
      null,
      null,
      false,
    ],
    [
      "Tomás Ferreira",
      "Ben Carter",
      null,
      null,
      false,
    ],
    [
      "Tomás Ferreira",
      "Viktor Petrov",
      null,
      null,
      false,
    ],
    [
      "Yuki Tanaka",
      "Ingrid Larsen",
      null,
      null,
      false,
    ],
    [
      "Yuki Tanaka",
      "Omar Haddad",
      null,
      null,
      false,
    ],
    [
      "Yuki Tanaka",
      "Sam Whitaker",
      null,
      null,
      false,
    ],
  ],
  "nodes": [
    [
      "Aisha Khan",
      "Engineering",
      null,
      1,
      0,
      12.102631,
    ],
    [
      "Alex Rivera",
      null,
      null,
      0,
      4,
      19.705262,
    ],
    [
      "Arjun Mehta",
      "Operations",
      null,
      1,
      1,
      15.251744,
    ],
    [
      "Ben Carter",
      "Engineering",
      null,
      1,
      0,
      12.102631,
    ],
    [
      "Carla Mendes",
      "Design",
      null,
      1,
      0,
      12.102631,
    ],
    [
      "Dana Whitfield",
      "Sales",
      null,
      1,
      1,
      15.251744,
    ],
    [
      "Daniel Osei",
      "Sales",
      null,
      1,
      0,
      12.102631,
    ],
    [
      "Diego Santos",
      "Engineering",
      null,
      1,
      0,
      12.102631,
    ],
    [
      "Emily Stanton",
      "Sales",
      null,
      1,
      0,
      12.102631,
    ],
    [
      "Grace Okafor",
      "Engineering",
      null,
      1,
      3,
      19.705262,
    ],
    [
      "Hannah Weiss",
      "Operations",
      null,
      1,
      1,
      15.251744,
    ],
    [
      "Ingrid Larsen",
      "Engineering",
      null,
      1,
      0,
      12.102631,
    ],
    [
      "Josh Kim",
      "Product",
      null,
      1,
      0,
      12.102631,
    ],
    [
      "Kenji Mori",
      "Operations",
      null,
      1,
      2,
      17.668143,
    ],
    [
      "Lena Fischer",
      "Engineering",
      null,
      1,
      0,
      12.102631,
    ],
    [
      "Lucas Meyer",
      "Sales",
      null,
      1,
      0,
      12.102631,
    ],
    [
      "Marcus Bell",
      "Product",
      null,
      1,
      3,
      19.705262,
    ],
    [
      "Mei Chen",
      "Engineering",
      null,
      1,
      0,
      12.102631,
    ],
    [
      "Nadia Rossi",
      "Design",
      null,
      1,
      0,
      12.102631,
    ],
    [
      "Nina Kovács",
      "Operations",
      null,
      1,
      0,
      12.102631,
    ],
    [
      "Omar Haddad",
      "Engineering",
      null,
      1,
      0,
      12.102631,
    ],
    [
      "Paulo Silva",
      "Operations",
      null,
      1,
      0,
      12.102631,
    ],
    [
      "Priya Sharma",
      "Engineering",
      null,
      1,
      3,
      19.705262,
    ],
    [
      "Rachel Adler",
      "Product",
      null,
      1,
      0,
      12.102631,
    ],
    [
      "Robert Hayes",
      "Sales",
      null,
      1,
      4,
      21.5,
    ],
    [
      "Sam Whitaker",
      "Engineering",
      null,
      1,
      0,
      12.102631,
    ],
    [
      "Sofia Lindqvist",
      "Design",
      null,
      1,
      3,
      19.705262,
    ],
    [
      "Tom Nguyen",
      "Design",
      null,
      1,
      0,
      12.102631,
    ],
    [
      "Tomás Ferreira",
      "Engineering",
      null,
      1,
      3,
      19.705262,
    ],
    [
      "Viktor Petrov",
      "Engineering",
      null,
      1,
      0,
      12.102631,
    ],
    [
      "Yuki Tanaka",
      "Engineering",
      null,
      1,
      3,
      19.705262,
    ],
    [
      "Zoe Park",
      "Sales",
      null,
      1,
      0,
      12.102631,
    ],
  ],
  "ranking": null,
  "skippedRows": 0,
}
`;

exports[`sample graph: sized-by-column 1`] = `
{
  "edgeGroups": [],
  "groups": [],
  "links": [
    [
      "Alex Rivera",
      "Dana Whitfield",
      null,
      null,
      false,
    ],
    [
      "Alex Rivera",
      "Kenji Mori",
      null,
      null,
      false,
    ],
    [
      "Alex Rivera",
      "Marcus Bell",
      null,
      null,
      false,
    ],
    [
      "Alex Rivera",
      "Priya Sharma",
      null,
      null,
      false,
    ],
    [
      "Arjun Mehta",
      "Nina Kovács",
      null,
      null,
      false,
    ],
    [
      "Arjun Mehta",
      "Omar Haddad",
      null,
      null,
      false,
    ],
    [
      "Dana Whitfield",
      "Robert Hayes",
      null,
      null,
      false,
    ],
    [
      "Grace Okafor",
      "Carla Mendes",
      null,
      null,
      false,
    ],
    [
      "Grace Okafor",
      "Diego Santos",
      null,
      null,
      false,
    ],
    [
      "Grace Okafor",
      "Lena Fischer",
      null,
      null,
      false,
    ],
    [
      "Grace Okafor",
      "Mei Chen",
      null,
      null,
      false,
    ],
    [
      "Hannah Weiss",
      "Paulo Silva",
      null,
      null,
      false,
    ],
    [
      "Kenji Mori",
      "Arjun Mehta",
      null,
      null,
      false,
    ],
    [
      "Kenji Mori",
      "Hannah Weiss",
      null,
      null,
      false,
    ],
    [
      "Marcus Bell",
      "Josh Kim",
      null,
      null,
      false,
    ],
    [
      "Marcus Bell",
      "Rachel Adler",
      null,
      null,
      false,
    ],
    [
      "Marcus Bell",
      "Sofia Lindqvist",
      null,
      null,
      false,
    ],
    [
      "Priya Sharma",
      "Grace Okafor",
      null,
      null,
      false,
    ],
    [
      "Priya Sharma",
      "Tomás Ferreira",
      null,
      null,
      false,
    ],
    [
      "Priya Sharma",
      "Yuki Tanaka",
      null,
      null,
      false,
    ],
    [
      "Rachel Adler",
      "Mei Chen",
      null,
      null,
      false,
    ],
    [
      "Robert Hayes",
      "Daniel Osei",
      null,
      null,
      false,
    ],
    [
      "Robert Hayes",
      "Emily Stanton",
      null,
      null,
      false,
    ],
    [
      "Robert Hayes",
      "Lucas Meyer",
      null,
      null,
      false,
    ],
    [
      "Robert Hayes",
      "Zoe Park",
      null,
      null,
      false,
    ],
    [
      "Sofia Lindqvist",
      "Carla Mendes",
      null,
      null,
      false,
    ],
    [
      "Sofia Lindqvist",
      "Josh Kim",
      null,
      null,
      false,
    ],
    [
      "Sofia Lindqvist",
      "Nadia Rossi",
      null,
      null,
      false,
    ],
    [
      "Sofia Lindqvist",
      "Tom Nguyen",
      null,
      null,
      false,
    ],
    [
      "Tomás Ferreira",
      "Aisha Khan",
      null,
      null,
      false,
    ],
    [
      "Tomás Ferreira",
      "Ben Carter",
      null,
      null,
      false,
    ],
    [
      "Tomás Ferreira",
      "Viktor Petrov",
      null,
      null,
      false,
    ],
    [
      "Yuki Tanaka",
      "Ingrid Larsen",
      null,
      null,
      false,
    ],
    [
      "Yuki Tanaka",
      "Omar Haddad",
      null,
      null,
      false,
    ],
    [
      "Yuki Tanaka",
      "Sam Whitaker",
      null,
      null,
      false,
    ],
  ],
  "nodes": [
    [
      "Aisha Khan",
      null,
      null,
      1,
      0,
      11.345792,
    ],
    [
      "Alex Rivera",
      null,
      null,
      0,
      4,
      21.5,
    ],
    [
      "Arjun Mehta",
      null,
      null,
      1,
      2,
      14.576733,
    ],
    [
      "Ben Carter",
      null,
      null,
      1,
      0,
      9.340706,
    ],
    [
      "Carla Mendes",
      null,
      null,
      2,
      0,
      8.45242,
    ],
    [
      "Dana Whitfield",
      null,
      null,
      1,
      1,
      17.608693,
    ],
    [
      "Daniel Osei",
      null,
      null,
      1,
      0,
      7.294783,
    ],
    [
      "Diego Santos",
      null,
      null,
      1,
      0,
      8.45242,
    ],
    [
      "Emily Stanton",
      null,
      null,
      1,
      0,
      10.089566,
    ],
    [
      "Grace Okafor",
      null,
      null,
      1,
      4,
      16.357259,
    ],
    [
      "Hannah Weiss",
      null,
      null,
      1,
      1,
      11.8943,
    ],
    [
      "Ingrid Larsen",
      null,
      null,
      1,
      0,
      9.340706,
    ],
    [
      "Josh Kim",
      null,
      null,
      2,
      0,
      10.089566,
    ],
    [
      "Kenji Mori",
      null,
      null,
      1,
      2,
      16.682176,
    ],
    [
      "Lena Fischer",
      null,
      null,
      1,
      0,
      10.089566,
    ],
    [
      "Lucas Meyer",
      null,
      null,
      1,
      0,
      9.340706,
    ],
    [
      "Marcus Bell",
      null,
      null,
      1,
      3,
      17.608693,
    ],
    [
      "Mei Chen",
      null,
      null,
      2,
      0,
      11.8943,
    ],
    [
      "Nadia Rossi",
      null,
      null,
      1,
      0,
      10.089566,
    ],
    [
      "Nina Kovács",
      null,
      null,
      1,
      0,
      10.089566,
    ],
    [
      "Omar Haddad",
      null,
      null,
      2,
      0,
      8.45242,
    ],
    [
      "Paulo Silva",
      null,
      null,
      1,
      0,
      8.45242,
    ],
    [
      "Priya Sharma",
      null,
      null,
      1,
      3,
      19.807656,
    ],
    [
      "Rachel Adler",
      null,
      null,
      1,
      1,
      12.884348,
    ],
    [
      "Robert Hayes",
      null,
      null,
      1,
      4,
      16.998649,
    ],
    [
      "Sam Whitaker",
      null,
      null,
      1,
      0,
      8.45242,
    ],
    [
      "Sofia Lindqvist",
      null,
      null,
      1,
      4,
      15.324147,
    ],
    [
      "Tom Nguyen",
      null,
      null,
      1,
      0,
      9.340706,
    ],
    [
      "Tomás Ferreira",
      null,
      null,
      1,
      3,
      16.682176,
    ],
    [
      "Viktor Petrov",
      null,
      null,
      1,
      0,
      7.294783,
    ],
    [
      "Yuki Tanaka",
      null,
      null,
      1,
      3,
      13.337879,
    ],
    [
      "Zoe Park",
      null,
      null,
      1,
      0,
      8.45242,
    ],
  ],
  "ranking": null,
  "skippedRows": 0,
}
`;

exports[`sample graph: value-filtered 1`] = `
{
  "edgeGroups": [],
  "groups": [
    "Engineering",
    "Design",
  ],
  "links": [
    [
      "Alex Rivera",
      "Priya Sharma",
      null,
      null,
      false,
    ],
    [
      "Arjun Mehta",
      "Omar Haddad",
      null,
      null,
      false,
    ],
    [
      "Grace Okafor",
      "Carla Mendes",
      null,
      null,
      false,
    ],
    [
      "Grace Okafor",
      "Diego Santos",
      null,
      null,
      false,
    ],
    [
      "Grace Okafor",
      "Lena Fischer",
      null,
      null,
      false,
    ],
    [
      "Grace Okafor",
      "Mei Chen",
      null,
      null,
      false,
    ],
    [
      "Marcus Bell",
      "Sofia Lindqvist",
      null,
      null,
      false,
    ],
    [
      "Priya Sharma",
      "Grace Okafor",
      null,
      null,
      false,
    ],
    [
      "Priya Sharma",
      "Tomás Ferreira",
      null,
      null,
      false,
    ],
    [
      "Priya Sharma",
      "Yuki Tanaka",
      null,
      null,
      false,
    ],
    [
      "Rachel Adler",
      "Mei Chen",
      null,
      null,
      false,
    ],
    [
      "Sofia Lindqvist",
      "Carla Mendes",
      null,
      null,
      false,
    ],
    [
      "Sofia Lindqvist",
      "Nadia Rossi",
      null,
      null,
      false,
    ],
    [
      "Sofia Lindqvist",
      "Tom Nguyen",
      null,
      null,
      false,
    ],
    [
      "Tomás Ferreira",
      "Aisha Khan",
      null,
      null,
      false,
    ],
    [
      "Tomás Ferreira",
      "Ben Carter",
      null,
      null,
      false,
    ],
    [
      "Tomás Ferreira",
      "Viktor Petrov",
      null,
      null,
      false,
    ],
    [
      "Yuki Tanaka",
      "Ingrid Larsen",
      null,
      null,
      false,
    ],
    [
      "Yuki Tanaka",
      "Omar Haddad",
      null,
      null,
      false,
    ],
    [
      "Yuki Tanaka",
      "Sam Whitaker",
      null,
      null,
      false,
    ],
  ],
  "nodes": [
    [
      "Aisha Khan",
      "Engineering",
      null,
      1,
      0,
      12.102631,
    ],
    [
      "Alex Rivera",
      null,
      null,
      0,
      1,
      12.102631,
    ],
    [
      "Arjun Mehta",
      null,
      null,
      0,
      1,
      12.102631,
    ],
    [
      "Ben Carter",
      "Engineering",
      null,
      1,
      0,
      12.102631,
    ],
    [
      "Carla Mendes",
      "Design",
      null,
      2,
      0,
      15.251744,
    ],
    [
      "Diego Santos",
      "Engineering",
      null,
      1,
      0,
      12.102631,
    ],
    [
      "Grace Okafor",
      "Engineering",
      null,
      1,
      4,
      21.5,
    ],
    [
      "Ingrid Larsen",
      "Engineering",
      null,
      1,
      0,
      12.102631,
    ],
    [
      "Lena Fischer",
      "Engineering",
      null,
      1,
      0,
      12.102631,
    ],
    [
      "Marcus Bell",
      null,
      null,
      0,
      1,
      12.102631,
    ],
    [
      "Mei Chen",
      "Engineering",
      null,
      2,
      0,
      15.251744,
    ],
    [
      "Nadia Rossi",
      "Design",
      null,
      1,
      0,
      12.102631,
    ],
    [
      "Omar Haddad",
      "Engineering",
      null,
      2,
      0,
      15.251744,
    ],
    [
      "Priya Sharma",
      "Engineering",
      null,
      1,
      3,
      19.705262,
    ],
    [
      "Rachel Adler",
      null,
      null,
      0,
      1,
      12.102631,
    ],
    [
      "Sam Whitaker",
      "Engineering",
      null,
      1,
      0,
      12.102631,
    ],
    [
      "Sofia Lindqvist",
      "Design",
      null,
      1,
      3,
      19.705262,
    ],
    [
      "Tom Nguyen",
      "Design",
      null,
      1,
      0,
      12.102631,
    ],
    [
      "Tomás Ferreira",
      "Engineering",
      null,
      1,
      3,
      19.705262,
    ],
    [
      "Viktor Petrov",
      "Engineering",
      null,
      1,
      0,
      12.102631,
    ],
    [
      "Yuki Tanaka",
      "Engineering",
      null,
      1,
      3,
      19.705262,
    ],
  ],
  "ranking": null,
  "skippedRows": 0,
}
`;
